#-----------------------------------------------------------
# Vivado v2025.1 (64-bit)
# SW Build 6140274 on Thu May 22 00:12:29 MDT 2025
# IP Build 6138677 on Thu May 22 03:10:11 MDT 2025
# SharedData Build 6139179 on Tue May 20 17:58:58 MDT 2025
# Start of session at: Tue Dec 30 01:37:31 2025
# Process ID         : 2100
# Current directory  : C:/Users/Vatsal Melwani/EE/FPGA/Advent_of_Code_JS/Puzzle 4/part_1/part_1.runs/synth_1
# Command line       : vivado.exe -log puzzle4_part1.vds -product Vivado -mode batch -messageDb vivado.pb -notrace -source puzzle4_part1.tcl
# Log file           : C:/Users/Vatsal Melwani/EE/FPGA/Advent_of_Code_JS/Puzzle 4/part_1/part_1.runs/synth_1/puzzle4_part1.vds
# Journal file       : C:/Users/Vatsal Melwani/EE/FPGA/Advent_of_Code_JS/Puzzle 4/part_1/part_1.runs/synth_1\vivado.jou
# Running On         : LAPTOP-N5PG3M81
# Platform           : Windows Server 2016 or Windows 10
# Operating System   : 26200
# Processor Detail   : Intel(R) Core(TM) Ultra 7 258V
# CPU Frequency      : 3302 MHz
# CPU Physical cores : 8
# CPU Logical cores  : 8
# Host memory        : 33873 MB
# Swap memory        : 13958 MB
# Total Virtual      : 47832 MB
# Available Virtual  : 13406 MB
#-----------------------------------------------------------
source puzzle4_part1.tcl -notrace
